
> ergo-safe-reborn@0.0.0 build
> tsc && vite build

[36mvite v5.4.21 [32mbuilding for production...[36m[39m
transforming...
[32mΓ£ô[39m 2463 modules transformed.
rendering chunks...
[2mdist/[22m[32mindex.html                        [39m[1m[2m    1.67 kB[22m[1m[22m
[2mdist/[22m[35massets/index-B4zojkbG.css         [39m[1m[2m   67.93 kB[22m[1m[22m
[2mdist/[22m[36massets/vendor-icons-GBj-EkG2.js   [39m[1m[2m   21.46 kB[22m[1m[22m
[2mdist/[22m[36massets/vendor-framer-DpP7rOA7.js  [39m[1m[2m  109.77 kB[22m[1m[22m
[2mdist/[22m[36massets/index-q_D58P3k.js          [39m[1m[2m  239.57 kB[22m[1m[22m
[2mdist/[22m[36massets/vendor-core-BnrZb7NH.js    [39m[1m[33m1,002.24 kB[39m[22m
[32mΓ£ô built in 5m 2s[39m
node.exe : [33m
At line:1 char:1
+ & "C:\Program Files\nodejs/node.exe" "C:\Program Files\nodejs/node_mo ...
+ ~~~~~~~~~~~~~~~~~~~~~~~~~~~~~~~~~~~~~~~~~~~~~~~~~~~~~~~~~~~~~~~~~~~~~
    + CategoryInfo          : NotSpecified: ([33m:String) [], RemoteException
    + FullyQualifiedErrorId : NativeCommandError
 
(!) Some chunks are larger than 1000 kB after minification. Consider:
- Using dynamic import() to code-split the application
- Use build.rollupOptions.output.manualChunks to improve chunking: 
https://rollupjs.org/configuration-options/#output-manualchunks
- Adjust chunk size limit for this warning via build.chunkSizeWarningLimit.[39m
